// Jest Snapshot v1, https://goo.gl/fbAQLP

exports[`module-resolver exports normalizeOptions should normalizeOptions the options 1`] = `
Array [
  "alias",
  "cwd",
  "extensions",
  "root",
  "transformFunctions",
]
`;
